INFO ESPHome 2025.7.5
INFO Reading configuration dscalarm.yaml...
WARNING GPIO2 is a strapping PIN and should only be used for I/O with care.
Attaching external pullup/down resistors to strapping pins can cause unexpected failures.
See https://esphome.io/guides/faq.html#why-am-i-getting-a-warning-about-strapping-pins
INFO Generating C++ source...
INFO Compiling app...
Processing dscalarm-comprehensive (board: esp32dev; framework: espidf; platform: https://github.com/pioarduino/platform-espressif32/releases/download/53.03.13/platform-espressif32.zip)
--------------------------------------------------------------------------------
HARDWARE: ESP32 240MHz, 320KB RAM, 4MB Flash
 - framework-espidf @ 3.50302.0 (5.3.2) 
 - tool-cmake @ 3.30.2 
 - tool-esptoolpy @ 4.8.6 
 - tool-mklittlefs @ 3.2.0 
 - tool-ninja @ 1.7.1 
 - tool-riscv32-esp-elf-gdb @ 14.2.0+20240403 
 - tool-xtensa-esp-elf-gdb @ 14.2.0+20240403 
 - toolchain-esp32ulp @ 2.35.0-20220830 
 - toolchain-xtensa-esp-elf @ 13.2.0+20240530
Reading CMake configuration...
Dependency Graph
|-- ArduinoJson @ 7.4.2
RAM:   [=         ]  12.3% (used 40368 bytes from 327680 bytes)
Flash: [======    ]  62.4% (used 1144794 bytes from 1835008 bytes)
========================= [SUCCESS] Took 4.44 seconds =========================
INFO Successfully compiled program.
